core_cm3.h:1323:22:NVIC_EnableIRQ	16	static
spi_17xx_40xx.h:234:20:Chip_SPI_SetFormat	16	static
spi_17xx_40xx.h:275:20:Chip_SPI_SetMode	16	static
ssp_17xx_40xx.h:239:20:Chip_SSP_Enable	16	static
ssp_17xx_40xx.h:413:20:Chip_SSP_SetFormat	24	static
ssp_17xx_40xx.h:436:20:Chip_SSP_DMA_Enable	16	static
ssp_17xx_40xx.h:446:20:Chip_SSP_DMA_Disable	16	static
spi.c:79:13:bufferInit	24	static
spi.c:91:16:bufferVerify	24	static
spi.c:106:6:DMA_IRQHandler	8	static
spi.c:117:13:appSSPRun	16	static
spi.c:139:13:appSPIRun	8	static
spi.c:185:5:main	8	static
